--- exit: 0
--- stdout
[5, 4, 3, 2, 1]
2 1
returned: liftoff
[0, 1, 1, 2, 3, 5, 8, 13, 21, 34, 55, 89]
  sub returned liftoff
[1, 2, 3, 2, 1, 'a', 'b']
0 10 15 12
final total 12
  got 1
  handled bad
  got 2
285 18
[(0, 'a', True), (1, 'b', False), (2, 'c', None)]
[(1, 'x'), (2, 'y'), (3, 'z')] {0: 'a', 1: 'b'}
[4, 10, 18] [1, 'a']
[3, 2, 1] [4, 3, 2, 1, 0] olleh
1 [2, 3] default
[('c', 3), ('b', 2), ('a', 1)]
[4, 3, 2, 1] [3, 2, 1] 5
1 2 12 1
[10, 11, 12]
[2, 2, 2]
total 10
outer
['the', 'quick', 'lazy', 'end']
[1, 2, 3, 4, 5, 6] {0, 1, 2} {'a': 0, 'b': 1, 'c': 2}
[[1, 4], [2, 5], [3, 6]] [[0, 0, 0], [0, 1, 2], [0, 2, 4]]
True False (1, 'a') o
[0, 1, 2] []
5050 1.0 [1, 2]
--- stderr
