--- exit: 0
--- stdout
MainThread False True
True True
['w0', 'w1', 'w2'] [False, False, False]
[0, 1, 2] [False, False, False]
1
counter 4000
rlock reentered
['waiting', 'setting', 'woken'] True
condition [[1, 2]]
peak 2 left []
queue [0, 1, 2, 3, 4] True 0
queue empty raises
queue full raises
[2, 1, 3] [1, 2, 3] [3, 1, 2]
['unset', 'thread'] main
after failure False [('ValueError', 'thread failure', 'exploder')]
daemon True True
[0, 1, 4, 9, 16]
[True, True, True, True, True] None
['A', 'B', 'C']
as_completed 3
wait 1 0
ZeroDivisionError
result raises integer division or modulo by zero
True True True
cancelled future raises
7 [7] True False
['first']
submit after shutdown: cannot schedule new futures after shutdown
done
--- stderr
