{
  "ok": true,
  "devices": [
    {
      "id": "alice-mac",
      "profile": "virtual-macos-golden-gate",
      "home": {
        "width": 960,
        "height": 640,
        "rgbaBytes": 2457600,
        "deterministic": true,
        "pixelChecksum": "774dd4fe",
        "renderMilliseconds": 1,
        "nodes": 56
      },
      "window": {
        "width": 960,
        "height": 640,
        "rgbaBytes": 2457600,
        "deterministic": true,
        "pixelChecksum": "e1cc8204",
        "renderMilliseconds": 1,
        "nodes": 116
      },
      "nativeBrowserAddress": true,
      "offsetPageHitTest": true,
      "terminalKeyboard": true,
      "snapshotFork": true,
      "windowControls": true
    },
    {
      "id": "bob-windows",
      "profile": "virtual-windows-11",
      "home": {
        "width": 960,
        "height": 640,
        "rgbaBytes": 2457600,
        "deterministic": true,
        "pixelChecksum": "a3d3eac4",
        "renderMilliseconds": 0.29999998211860657,
        "nodes": 41
      },
      "window": {
        "width": 960,
        "height": 640,
        "rgbaBytes": 2457600,
        "deterministic": true,
        "pixelChecksum": "66229e79",
        "renderMilliseconds": 0.800000011920929,
        "nodes": 103
      },
      "nativeBrowserAddress": true,
      "offsetPageHitTest": true,
      "terminalKeyboard": true,
      "snapshotFork": true,
      "windowControls": true
    },
    {
      "id": "carol-ubuntu",
      "profile": "virtual-ubuntu-24",
      "home": {
        "width": 960,
        "height": 640,
        "rgbaBytes": 2457600,
        "deterministic": true,
        "pixelChecksum": "e59c409f",
        "renderMilliseconds": 0.20000001788139343,
        "nodes": 43
      },
      "window": {
        "width": 960,
        "height": 640,
        "rgbaBytes": 2457600,
        "deterministic": true,
        "pixelChecksum": "9e20ebca",
        "renderMilliseconds": 0.800000011920929,
        "nodes": 103
      },
      "nativeBrowserAddress": true,
      "offsetPageHitTest": true,
      "terminalKeyboard": true,
      "snapshotFork": true,
      "windowControls": true
    },
    {
      "id": "alice-phone",
      "profile": "virtual-ios-18",
      "home": {
        "width": 390,
        "height": 780,
        "rgbaBytes": 1216800,
        "deterministic": true,
        "pixelChecksum": "6ad639d0",
        "renderMilliseconds": 0.20000001788139343,
        "nodes": 83
      },
      "window": {
        "width": 390,
        "height": 780,
        "rgbaBytes": 1216800,
        "deterministic": true,
        "pixelChecksum": "708cfcc5",
        "renderMilliseconds": 0.5,
        "nodes": 66
      },
      "nativeBrowserAddress": true,
      "offsetPageHitTest": true,
      "terminalKeyboard": true,
      "snapshotFork": true,
      "windowControls": false
    },
    {
      "id": "bob-android",
      "profile": "virtual-android-12",
      "home": {
        "width": 390,
        "height": 780,
        "rgbaBytes": 1216800,
        "deterministic": true,
        "pixelChecksum": "d2af5b5a",
        "renderMilliseconds": 0.20000001788139343,
        "nodes": 51
      },
      "window": {
        "width": 390,
        "height": 780,
        "rgbaBytes": 1216800,
        "deterministic": true,
        "pixelChecksum": "a80fd5a6",
        "renderMilliseconds": 0.5999999940395355,
        "nodes": 55
      },
      "nativeBrowserAddress": true,
      "offsetPageHitTest": true,
      "terminalKeyboard": true,
      "snapshotFork": true,
      "windowControls": false
    }
  ],
  "networkRequestsDuringEpisode": 0
}
